#-----------------------------------------------------------
# Vivado v2023.1 (64-bit)
# SW Build 3865809 on Sun May  7 15:05:29 MDT 2023
# IP Build 3864474 on Sun May  7 20:36:21 MDT 2023
# SharedData Build 3865790 on Sun May 07 13:33:03 MDT 2023
# Start of session at: Wed Nov 27 10:26:58 2024
# Process ID: 23368
# Current directory: C:/Users/victor.hernandez25/Downloads/FPGA_SSD1331_OLED_Interface-main/Fire_Alarm_System/Fire_Alarm_System.runs/impl_1
# Command line: vivado.exe -log Top.vdi -applog -product Vivado -messageDb vivado.pb -mode batch -source Top.tcl -notrace
# Log file: C:/Users/victor.hernandez25/Downloads/FPGA_SSD1331_OLED_Interface-main/Fire_Alarm_System/Fire_Alarm_System.runs/impl_1/Top.vdi
# Journal file: C:/Users/victor.hernandez25/Downloads/FPGA_SSD1331_OLED_Interface-main/Fire_Alarm_System/Fire_Alarm_System.runs/impl_1\vivado.jou
# Running On: ICDLWS15, OS: Windows, CPU Frequency: 3600 MHz, CPU Physical cores: 4, Host memory: 34216 MB
#-----------------------------------------------------------
source Top.tcl -notrace
